>>> matrix_divided = __import__('2-matrix_divided').matrix_divided

>>> matrix_divided([[4], [4]], 2)
[[2.0], [2.0]]

>>> matrix_divided([[4], [4, 2]], 2)
Traceback (most recent call last):
TypeError: Each row of the matrix must have the same size

>>> matrix_divided([["nashe"], [4]], 1)
Traceback (most recent call last):
TypeError: matrix must be a matrix (list of lists) of integers/floats

>>> matrix_divided([[4], [4]], 0)
Traceback (most recent call last):
ZeroDivisionError: division by zero

>>> matrix_divided([["nashe"], [4]])
Traceback (most recent call last):
TypeError: matrix_divided() missing 1 required positional argument: 'div'

>>> matrix_divided([[4],[4]], )
Traceback (most recent call last):
TypeError: matrix_divided() missing 1 required positional argument: 'div'