>>> text_indentation = __import__('5-text_indentation').text_indentation

>>> text_indentation("Nacional decano del futbol Uruguayo")
Nacional decano del futbol Uruguayo

>>> text_indentation()
Traceback (most recent call last):
TypeError: text_indentation() missing 1 required positional argument: 'text'

>>> text_indentation(2)
Traceback (most recent call last):
TypeError: text must be a string

>>> text_indentation(None)
Traceback (most recent call last):
TypeError: text must be a string

>>> text_indentation(-10.56)
Traceback (most recent call last):
TypeError: text must be a string

>>> text_indentation("Lorem ipsum. dolor sit amet? adipiscing elit: Quonam")
Lorem ipsum.
<BLANKLINE>
dolor sit amet?
<BLANKLINE>
adipiscing elit:
<BLANKLINE>
Quonam
